Archive member included because of file (symbol)

c:/program files (x86)/atmel/atmel studio 6.0/extensions/atmel/avrgcc/3.4.1.95/avrtoolchain/bin/../lib/gcc/avr/4.6.2/avr6\libgcc.a(_udivmodhi4.o)
                              SE_EVM_SD.o (__udivmodhi4)
c:/program files (x86)/atmel/atmel studio 6.0/extensions/atmel/avrgcc/3.4.1.95/avrtoolchain/bin/../lib/gcc/avr/4.6.2/avr6\libgcc.a(_exit.o)
                              c:/program files (x86)/atmel/atmel studio 6.0/extensions/atmel/avrgcc/3.4.1.95/avrtoolchain/bin/../lib/gcc/avr/4.6.2/../../../../avr/lib/avr6/crtm2560.o (exit)
c:/program files (x86)/atmel/atmel studio 6.0/extensions/atmel/avrgcc/3.4.1.95/avrtoolchain/bin/../lib/gcc/avr/4.6.2/avr6\libgcc.a(_copy_data.o)
                              SE_EVM_SD.o (__do_copy_data)
c:/program files (x86)/atmel/atmel studio 6.0/extensions/atmel/avrgcc/3.4.1.95/avrtoolchain/bin/../lib/gcc/avr/4.6.2/avr6\libgcc.a(_clear_bss.o)
                              SE_EVM_SD.o (__do_clear_bss)
c:/program files (x86)/atmel/atmel studio 6.0/extensions/atmel/avrgcc/3.4.1.95/avrtoolchain/bin/../lib/gcc/avr/4.6.2/../../../../avr/lib/avr6\libc.a(eerd_byte_atmega2560.o)
                              SE_EVM_SD.o (__eerd_byte_m2560)
c:/program files (x86)/atmel/atmel studio 6.0/extensions/atmel/avrgcc/3.4.1.95/avrtoolchain/bin/../lib/gcc/avr/4.6.2/../../../../avr/lib/avr6\libc.a(eewr_byte_atmega2560.o)
                              SE_EVM_SD.o (__eewr_byte_m2560)

Allocating common symbols
Common symbol       size              file

rx0_data            0x1               SE_EVM_SD.o
myregister4         0x1               SE_EVM_SD.o
i2c_data_16         0x2               SE_EVM_SD.o
myregister1         0x1               SE_EVM_SD.o
no_of_buttons_in_categories
                    0x2               SE_EVM_SD.o
temp2               0x1               SE_EVM_SD.o
myregister7         0x1               SE_EVM_SD.o
voted_button_array  0x80              SE_EVM_SD.o
mach_typ            0x1               SE_EVM_SD.o
temp12              0x1               SE_EVM_SD.o
candidate_count     0x1               SE_EVM_SD.o
i2c_data            0x1               SE_EVM_SD.o
location_ID_number  0x1               SE_EVM_SD.o
votes_counter       0x1               SE_EVM_SD.o
invalid_voters      0x2               SE_EVM_SD.o
temp5               0x1               SE_EVM_SD.o
vote_cast           0x1               SE_EVM_SD.o
temp8               0x1               SE_EVM_SD.o
myregister3         0x1               SE_EVM_SD.o
temp6               0x1               SE_EVM_SD.o
temp1               0x1               SE_EVM_SD.o
cod_typ             0x1               SE_EVM_SD.o
flag_register       0x1               SE_EVM_SD.o
general_category    0x2               SE_EVM_SD.o
uartRecieveBuffer   0x32              SE_EVM_SD.o
location_ID         0x1               SE_EVM_SD.o
myregister2         0x1               SE_EVM_SD.o
gen_vote_count      0x1               SE_EVM_SD.o
temp11              0x1               SE_EVM_SD.o
temp4               0x1               SE_EVM_SD.o
temp7               0x1               SE_EVM_SD.o
elem_count          0x1               SE_EVM_SD.o
myregister8         0x1               SE_EVM_SD.o
temp9               0x1               SE_EVM_SD.o
voter_count         0x2               SE_EVM_SD.o
voter_votes         0x1               SE_EVM_SD.o
myregister5         0x1               SE_EVM_SD.o
temp10              0x1               SE_EVM_SD.o
myregister6         0x1               SE_EVM_SD.o
vote_amt            0x6               SE_EVM_SD.o
temp3               0x1               SE_EVM_SD.o
no_of_categories    0x1               SE_EVM_SD.o
readString          0x7               SE_EVM_SD.o

Memory Configuration

Name             Origin             Length             Attributes
text             0x00000000         0x00100000         xr
data             0x00800200         0x0000fe00         rw !x
eeprom           0x00810000         0x00010000         rw !x
fuse             0x00820000         0x00000400         rw !x
lock             0x00830000         0x00000400         rw !x
signature        0x00840000         0x00000400         rw !x
*default*        0x00000000         0xffffffff

Linker script and memory map

Address of section .data set to 0x800200
LOAD c:/program files (x86)/atmel/atmel studio 6.0/extensions/atmel/avrgcc/3.4.1.95/avrtoolchain/bin/../lib/gcc/avr/4.6.2/../../../../avr/lib/avr6/crtm2560.o
LOAD SE_EVM_SD.o
LOAD SPI_routines.o
START GROUP
LOAD c:/program files (x86)/atmel/atmel studio 6.0/extensions/atmel/avrgcc/3.4.1.95/avrtoolchain/bin/../lib/gcc/avr/4.6.2/../../../../avr/lib/avr6\libm.a
END GROUP
LOAD c:/program files (x86)/atmel/atmel studio 6.0/extensions/atmel/avrgcc/3.4.1.95/avrtoolchain/bin/../lib/gcc/avr/4.6.2/avr6\libgcc.a
LOAD c:/program files (x86)/atmel/atmel studio 6.0/extensions/atmel/avrgcc/3.4.1.95/avrtoolchain/bin/../lib/gcc/avr/4.6.2/../../../../avr/lib/avr6\libc.a
LOAD c:/program files (x86)/atmel/atmel studio 6.0/extensions/atmel/avrgcc/3.4.1.95/avrtoolchain/bin/../lib/gcc/avr/4.6.2/avr6\libgcc.a

.hash
 *(.hash)

.dynsym
 *(.dynsym)

.dynstr
 *(.dynstr)

.gnu.version
 *(.gnu.version)

.gnu.version_d
 *(.gnu.version_d)

.gnu.version_r
 *(.gnu.version_r)

.rel.init
 *(.rel.init)

.rela.init
 *(.rela.init)

.rel.text
 *(.rel.text)
 *(.rel.text.*)
 *(.rel.gnu.linkonce.t*)

.rela.text
 *(.rela.text)
 *(.rela.text.*)
 *(.rela.gnu.linkonce.t*)

.rel.fini
 *(.rel.fini)

.rela.fini
 *(.rela.fini)

.rel.rodata
 *(.rel.rodata)
 *(.rel.rodata.*)
 *(.rel.gnu.linkonce.r*)

.rela.rodata
 *(.rela.rodata)
 *(.rela.rodata.*)
 *(.rela.gnu.linkonce.r*)

.rel.data
 *(.rel.data)
 *(.rel.data.*)
 *(.rel.gnu.linkonce.d*)

.rela.data
 *(.rela.data)
 *(.rela.data.*)
 *(.rela.gnu.linkonce.d*)

.rel.ctors
 *(.rel.ctors)

.rela.ctors
 *(.rela.ctors)

.rel.dtors
 *(.rel.dtors)

.rela.dtors
 *(.rela.dtors)

.rel.got
 *(.rel.got)

.rela.got
 *(.rela.got)

.rel.bss
 *(.rel.bss)

.rela.bss
 *(.rela.bss)

.rel.plt
 *(.rel.plt)

.rela.plt
 *(.rela.plt)

.text           0x00000000     0x71d0
 *(.vectors)
 .vectors       0x00000000       0xe4 c:/program files (x86)/atmel/atmel studio 6.0/extensions/atmel/avrgcc/3.4.1.95/avrtoolchain/bin/../lib/gcc/avr/4.6.2/../../../../avr/lib/avr6/crtm2560.o
                0x00000000                __vector_default
                0x00000000                __vectors
 *(.vectors)
 *(.progmem.gcc*)
 *(.progmem*)
                0x000000e4                . = ALIGN (0x2)
                0x000000e4                __trampolines_start = .
 *(.trampolines)
 .trampolines   0x000000e4        0x0 linker stubs
 *(.trampolines*)
                0x000000e4                __trampolines_end = .
 *(.jumptables)
 *(.jumptables*)
 *(.lowtext)
 *(.lowtext*)
                0x000000e4                __ctors_start = .
 *(.ctors)
                0x000000e4                __ctors_end = .
                0x000000e4                __dtors_start = .
 *(.dtors)
                0x000000e4                __dtors_end = .
 SORT(*)(.ctors)
 SORT(*)(.dtors)
 *(.init0)
 .init0         0x000000e4        0x0 c:/program files (x86)/atmel/atmel studio 6.0/extensions/atmel/avrgcc/3.4.1.95/avrtoolchain/bin/../lib/gcc/avr/4.6.2/../../../../avr/lib/avr6/crtm2560.o
                0x000000e4                __init
 *(.init0)
 *(.init1)
 *(.init1)
 *(.init2)
 .init2         0x000000e4       0x10 c:/program files (x86)/atmel/atmel studio 6.0/extensions/atmel/avrgcc/3.4.1.95/avrtoolchain/bin/../lib/gcc/avr/4.6.2/../../../../avr/lib/avr6/crtm2560.o
 *(.init2)
 *(.init3)
 *(.init3)
 *(.init4)
 .init4         0x000000f4       0x1c c:/program files (x86)/atmel/atmel studio 6.0/extensions/atmel/avrgcc/3.4.1.95/avrtoolchain/bin/../lib/gcc/avr/4.6.2/avr6\libgcc.a(_copy_data.o)
                0x000000f4                __do_copy_data
 .init4         0x00000110       0x10 c:/program files (x86)/atmel/atmel studio 6.0/extensions/atmel/avrgcc/3.4.1.95/avrtoolchain/bin/../lib/gcc/avr/4.6.2/avr6\libgcc.a(_clear_bss.o)
                0x00000110                __do_clear_bss
 *(.init4)
 *(.init5)
 *(.init5)
 *(.init6)
 *(.init6)
 *(.init7)
 *(.init7)
 *(.init8)
 *(.init8)
 *(.init9)
 .init9         0x00000120        0x8 c:/program files (x86)/atmel/atmel studio 6.0/extensions/atmel/avrgcc/3.4.1.95/avrtoolchain/bin/../lib/gcc/avr/4.6.2/../../../../avr/lib/avr6/crtm2560.o
 *(.init9)
 *(.text)
 .text          0x00000128        0x4 c:/program files (x86)/atmel/atmel studio 6.0/extensions/atmel/avrgcc/3.4.1.95/avrtoolchain/bin/../lib/gcc/avr/4.6.2/../../../../avr/lib/avr6/crtm2560.o
                0x00000128                __vector_38
                0x00000128                __vector_22
                0x00000128                __vector_28
                0x00000128                __vector_1
                0x00000128                __vector_32
                0x00000128                __vector_34
                0x00000128                __vector_24
                0x00000128                __vector_12
                0x00000128                __vector_55
                0x00000128                __vector_46
                0x00000128                __bad_interrupt
                0x00000128                __vector_6
                0x00000128                __vector_31
                0x00000128                __vector_35
                0x00000128                __vector_39
                0x00000128                __vector_3
                0x00000128                __vector_23
                0x00000128                __vector_30
                0x00000128                __vector_45
                0x00000128                __vector_11
                0x00000128                __vector_54
                0x00000128                __vector_13
                0x00000128                __vector_17
                0x00000128                __vector_19
                0x00000128                __vector_56
                0x00000128                __vector_7
                0x00000128                __vector_49
                0x00000128                __vector_41
                0x00000128                __vector_43
                0x00000128                __vector_27
                0x00000128                __vector_5
                0x00000128                __vector_33
                0x00000128                __vector_47
                0x00000128                __vector_52
                0x00000128                __vector_37
                0x00000128                __vector_4
                0x00000128                __vector_44
                0x00000128                __vector_51
                0x00000128                __vector_9
                0x00000128                __vector_2
                0x00000128                __vector_21
                0x00000128                __vector_15
                0x00000128                __vector_36
                0x00000128                __vector_29
                0x00000128                __vector_40
                0x00000128                __vector_8
                0x00000128                __vector_26
                0x00000128                __vector_48
                0x00000128                __vector_14
                0x00000128                __vector_53
                0x00000128                __vector_10
                0x00000128                __vector_50
                0x00000128                __vector_16
                0x00000128                __vector_18
                0x00000128                __vector_20
                0x00000128                __vector_42
 .text          0x0000012c     0x702a SE_EVM_SD.o
                0x0000012c                USART_SendByte
                0x0000013c                USART_putstring
                0x0000015a                USART_Transmit_dec
                0x000001ba                i2c_stop
                0x000001c6                i2c_start_type2
                0x00000210                i2c_write
                0x00000234                i2c_writeReg
                0x000002a2                i2c_read_ack
                0x000002b8                i2c_read_nack
                0x000002ce                i2c_readReg
                0x0000035e                serviceCommand
                0x0000046c                printName
                0x00000584                PORT_pins_init
                0x000005c4                USART_Init
                0x000005d6                USART_ReceiveByte
                0x000005e6                lcd_cmd
                0x000005fc                lcd_data_str
                0x00000622                lcd_data_byte
                0x00000638                lcd_data_int1
                0x0000068c                lcd_data_int
                0x000006dc                i2c_init
                0x000006ea                i2c_start
                0x00000700                i2c_send
                0x00000716                i2cWriteWordArray
                0x000007b8                i2c_receive
                0x000007e2                i2c_read_byte
                0x00000836                i2c_read_2_bytes
                0x000008aa                i2c_write_2_bytes
                0x00000910                i2cReadWordArray
                0x000009c2                eeprom_write_i2c
                0x00000a32                i2c_send_byte
                0x00000a7e                deactivate_category_buttons_and_save
                0x00000ba6                light_leds
                0x000012a8                vote_registration
                0x00005fd2                vote_routine
                0x00006170                send_results_pc
                0x00006216                __vector_25
                0x000062b4                disp_result_LCD
                0x0000640e                i2cWriteString
                0x00006472                i2cReadString
                0x000064ec                i2cSaveName
                0x00006522                main
 .text          0x00007156       0x22 SPI_routines.o
                0x00007156                spi_init
                0x0000715e                SPI_transmit
                0x0000716a                SPI_receive
 .text          0x00007178        0x0 c:/program files (x86)/atmel/atmel studio 6.0/extensions/atmel/avrgcc/3.4.1.95/avrtoolchain/bin/../lib/gcc/avr/4.6.2/avr6\libgcc.a(_udivmodhi4.o)
 .text          0x00007178        0x0 c:/program files (x86)/atmel/atmel studio 6.0/extensions/atmel/avrgcc/3.4.1.95/avrtoolchain/bin/../lib/gcc/avr/4.6.2/avr6\libgcc.a(_exit.o)
 .text          0x00007178        0x0 c:/program files (x86)/atmel/atmel studio 6.0/extensions/atmel/avrgcc/3.4.1.95/avrtoolchain/bin/../lib/gcc/avr/4.6.2/avr6\libgcc.a(_copy_data.o)
 .text          0x00007178        0x0 c:/program files (x86)/atmel/atmel studio 6.0/extensions/atmel/avrgcc/3.4.1.95/avrtoolchain/bin/../lib/gcc/avr/4.6.2/avr6\libgcc.a(_clear_bss.o)
 .text          0x00007178        0x0 c:/program files (x86)/atmel/atmel studio 6.0/extensions/atmel/avrgcc/3.4.1.95/avrtoolchain/bin/../lib/gcc/avr/4.6.2/../../../../avr/lib/avr6\libc.a(eerd_byte_atmega2560.o)
 .text          0x00007178        0x0 c:/program files (x86)/atmel/atmel studio 6.0/extensions/atmel/avrgcc/3.4.1.95/avrtoolchain/bin/../lib/gcc/avr/4.6.2/../../../../avr/lib/avr6\libc.a(eewr_byte_atmega2560.o)
                0x00007178                . = ALIGN (0x2)
 *(.text.*)
 .text.libgcc   0x00007178       0x28 c:/program files (x86)/atmel/atmel studio 6.0/extensions/atmel/avrgcc/3.4.1.95/avrtoolchain/bin/../lib/gcc/avr/4.6.2/avr6\libgcc.a(_udivmodhi4.o)
                0x00007178                __udivmodhi4
 .text.libgcc   0x000071a0        0x0 c:/program files (x86)/atmel/atmel studio 6.0/extensions/atmel/avrgcc/3.4.1.95/avrtoolchain/bin/../lib/gcc/avr/4.6.2/avr6\libgcc.a(_exit.o)
 .text.libgcc   0x000071a0        0x0 c:/program files (x86)/atmel/atmel studio 6.0/extensions/atmel/avrgcc/3.4.1.95/avrtoolchain/bin/../lib/gcc/avr/4.6.2/avr6\libgcc.a(_copy_data.o)
 .text.libgcc   0x000071a0        0x0 c:/program files (x86)/atmel/atmel studio 6.0/extensions/atmel/avrgcc/3.4.1.95/avrtoolchain/bin/../lib/gcc/avr/4.6.2/avr6\libgcc.a(_clear_bss.o)
 .text.avr-libc
                0x000071a0       0x10 c:/program files (x86)/atmel/atmel studio 6.0/extensions/atmel/avrgcc/3.4.1.95/avrtoolchain/bin/../lib/gcc/avr/4.6.2/../../../../avr/lib/avr6\libc.a(eerd_byte_atmega2560.o)
                0x000071a0                __eerd_byte_m2560
 .text.avr-libc
                0x000071b0       0x1c c:/program files (x86)/atmel/atmel studio 6.0/extensions/atmel/avrgcc/3.4.1.95/avrtoolchain/bin/../lib/gcc/avr/4.6.2/../../../../avr/lib/avr6\libc.a(eewr_byte_atmega2560.o)
                0x000071b0                __eewr_byte_m2560
                0x000071b2                __eewr_r18_m2560
                0x000071cc                . = ALIGN (0x2)
 *(.fini9)
 .fini9         0x000071cc        0x0 c:/program files (x86)/atmel/atmel studio 6.0/extensions/atmel/avrgcc/3.4.1.95/avrtoolchain/bin/../lib/gcc/avr/4.6.2/avr6\libgcc.a(_exit.o)
                0x000071cc                _exit
                0x000071cc                exit
 *(.fini9)
 *(.fini8)
 *(.fini8)
 *(.fini7)
 *(.fini7)
 *(.fini6)
 *(.fini6)
 *(.fini5)
 *(.fini5)
 *(.fini4)
 *(.fini4)
 *(.fini3)
 *(.fini3)
 *(.fini2)
 *(.fini2)
 *(.fini1)
 *(.fini1)
 *(.fini0)
 .fini0         0x000071cc        0x4 c:/program files (x86)/atmel/atmel studio 6.0/extensions/atmel/avrgcc/3.4.1.95/avrtoolchain/bin/../lib/gcc/avr/4.6.2/avr6\libgcc.a(_exit.o)
 *(.fini0)
                0x000071d0                _etext = .

.data           0x00800200      0x2de load address 0x000071d0
                0x00800200                PROVIDE (__data_start, .)
 *(.data)
 .data          0x00800200        0x0 c:/program files (x86)/atmel/atmel studio 6.0/extensions/atmel/avrgcc/3.4.1.95/avrtoolchain/bin/../lib/gcc/avr/4.6.2/../../../../avr/lib/avr6/crtm2560.o
 .data          0x00800200      0x2dd SE_EVM_SD.o
 .data          0x008004dd        0x0 SPI_routines.o
 .data          0x008004dd        0x0 c:/program files (x86)/atmel/atmel studio 6.0/extensions/atmel/avrgcc/3.4.1.95/avrtoolchain/bin/../lib/gcc/avr/4.6.2/avr6\libgcc.a(_udivmodhi4.o)
 .data          0x008004dd        0x0 c:/program files (x86)/atmel/atmel studio 6.0/extensions/atmel/avrgcc/3.4.1.95/avrtoolchain/bin/../lib/gcc/avr/4.6.2/avr6\libgcc.a(_exit.o)
 .data          0x008004dd        0x0 c:/program files (x86)/atmel/atmel studio 6.0/extensions/atmel/avrgcc/3.4.1.95/avrtoolchain/bin/../lib/gcc/avr/4.6.2/avr6\libgcc.a(_copy_data.o)
 .data          0x008004dd        0x0 c:/program files (x86)/atmel/atmel studio 6.0/extensions/atmel/avrgcc/3.4.1.95/avrtoolchain/bin/../lib/gcc/avr/4.6.2/avr6\libgcc.a(_clear_bss.o)
 .data          0x008004dd        0x0 c:/program files (x86)/atmel/atmel studio 6.0/extensions/atmel/avrgcc/3.4.1.95/avrtoolchain/bin/../lib/gcc/avr/4.6.2/../../../../avr/lib/avr6\libc.a(eerd_byte_atmega2560.o)
 .data          0x008004dd        0x0 c:/program files (x86)/atmel/atmel studio 6.0/extensions/atmel/avrgcc/3.4.1.95/avrtoolchain/bin/../lib/gcc/avr/4.6.2/../../../../avr/lib/avr6\libc.a(eewr_byte_atmega2560.o)
 *(.data*)
 *(.rodata)
 *(.rodata*)
 *(.gnu.linkonce.d*)
                0x008004de                . = ALIGN (0x2)
 *fill*         0x008004dd        0x1 00
                0x008004de                _edata = .
                0x008004de                PROVIDE (__data_end, .)

.bss            0x008004de      0x16c
                0x008004de                PROVIDE (__bss_start, .)
 *(.bss)
 .bss           0x008004de        0x0 c:/program files (x86)/atmel/atmel studio 6.0/extensions/atmel/avrgcc/3.4.1.95/avrtoolchain/bin/../lib/gcc/avr/4.6.2/../../../../avr/lib/avr6/crtm2560.o
 .bss           0x008004de       0x81 SE_EVM_SD.o
 .bss           0x0080055f        0x0 SPI_routines.o
 .bss           0x0080055f        0x0 c:/program files (x86)/atmel/atmel studio 6.0/extensions/atmel/avrgcc/3.4.1.95/avrtoolchain/bin/../lib/gcc/avr/4.6.2/avr6\libgcc.a(_udivmodhi4.o)
 .bss           0x0080055f        0x0 c:/program files (x86)/atmel/atmel studio 6.0/extensions/atmel/avrgcc/3.4.1.95/avrtoolchain/bin/../lib/gcc/avr/4.6.2/avr6\libgcc.a(_exit.o)
 .bss           0x0080055f        0x0 c:/program files (x86)/atmel/atmel studio 6.0/extensions/atmel/avrgcc/3.4.1.95/avrtoolchain/bin/../lib/gcc/avr/4.6.2/avr6\libgcc.a(_copy_data.o)
 .bss           0x0080055f        0x0 c:/program files (x86)/atmel/atmel studio 6.0/extensions/atmel/avrgcc/3.4.1.95/avrtoolchain/bin/../lib/gcc/avr/4.6.2/avr6\libgcc.a(_clear_bss.o)
 .bss           0x0080055f        0x0 c:/program files (x86)/atmel/atmel studio 6.0/extensions/atmel/avrgcc/3.4.1.95/avrtoolchain/bin/../lib/gcc/avr/4.6.2/../../../../avr/lib/avr6\libc.a(eerd_byte_atmega2560.o)
 .bss           0x0080055f        0x0 c:/program files (x86)/atmel/atmel studio 6.0/extensions/atmel/avrgcc/3.4.1.95/avrtoolchain/bin/../lib/gcc/avr/4.6.2/../../../../avr/lib/avr6\libc.a(eewr_byte_atmega2560.o)
 *(.bss*)
 *(COMMON)
 COMMON         0x0080055f       0xeb SE_EVM_SD.o
                0x0080055f                rx0_data
                0x00800560                myregister4
                0x00800561                i2c_data_16
                0x00800563                myregister1
                0x00800564                no_of_buttons_in_categories
                0x00800566                temp2
                0x00800567                myregister7
                0x00800568                voted_button_array
                0x008005e8                mach_typ
                0x008005e9                temp12
                0x008005ea                candidate_count
                0x008005eb                i2c_data
                0x008005ec                location_ID_number
                0x008005ed                votes_counter
                0x008005ee                invalid_voters
                0x008005f0                temp5
                0x008005f1                vote_cast
                0x008005f2                temp8
                0x008005f3                myregister3
                0x008005f4                temp6
                0x008005f5                temp1
                0x008005f6                cod_typ
                0x008005f7                flag_register
                0x008005f8                general_category
                0x008005fa                uartRecieveBuffer
                0x0080062c                location_ID
                0x0080062d                myregister2
                0x0080062e                gen_vote_count
                0x0080062f                temp11
                0x00800630                temp4
                0x00800631                temp7
                0x00800632                elem_count
                0x00800633                myregister8
                0x00800634                temp9
                0x00800635                voter_count
                0x00800637                voter_votes
                0x00800638                myregister5
                0x00800639                temp10
                0x0080063a                myregister6
                0x0080063b                vote_amt
                0x00800641                temp3
                0x00800642                no_of_categories
                0x00800643                readString
                0x0080064a                PROVIDE (__bss_end, .)
                0x000071d0                __data_load_start = LOADADDR (.data)
                0x000074ae                __data_load_end = (__data_load_start + SIZEOF (.data))

.noinit         0x0080064a        0x0
                0x0080064a                PROVIDE (__noinit_start, .)
 *(.noinit*)
                0x0080064a                PROVIDE (__noinit_end, .)
                0x0080064a                _end = .
                0x0080064a                PROVIDE (__heap_start, .)

.eeprom         0x00810000        0x0
 *(.eeprom*)
                0x00810000                __eeprom_end = .

.fuse
 *(.fuse)
 *(.lfuse)
 *(.hfuse)
 *(.efuse)

.lock
 *(.lock*)

.signature
 *(.signature*)

.stab           0x00000000      0x858
 *(.stab)
 .stab          0x00000000      0x6e4 c:/program files (x86)/atmel/atmel studio 6.0/extensions/atmel/avrgcc/3.4.1.95/avrtoolchain/bin/../lib/gcc/avr/4.6.2/../../../../avr/lib/avr6/crtm2560.o
 .stab          0x000006e4       0x90 c:/program files (x86)/atmel/atmel studio 6.0/extensions/atmel/avrgcc/3.4.1.95/avrtoolchain/bin/../lib/gcc/avr/4.6.2/../../../../avr/lib/avr6\libc.a(eerd_byte_atmega2560.o)
                                 0x9c (size before relaxing)
 .stab          0x00000774       0xe4 c:/program files (x86)/atmel/atmel studio 6.0/extensions/atmel/avrgcc/3.4.1.95/avrtoolchain/bin/../lib/gcc/avr/4.6.2/../../../../avr/lib/avr6\libc.a(eewr_byte_atmega2560.o)
                                 0xf0 (size before relaxing)

.stabstr        0x00000000      0x14b
 *(.stabstr)
 .stabstr       0x00000000      0x14b c:/program files (x86)/atmel/atmel studio 6.0/extensions/atmel/avrgcc/3.4.1.95/avrtoolchain/bin/../lib/gcc/avr/4.6.2/../../../../avr/lib/avr6/crtm2560.o

.stab.excl
 *(.stab.excl)

.stab.exclstr
 *(.stab.exclstr)

.stab.index
 *(.stab.index)

.stab.indexstr
 *(.stab.indexstr)

.comment
 *(.comment)

.debug
 *(.debug)

.line
 *(.line)

.debug_srcinfo
 *(.debug_srcinfo)

.debug_sfnames
 *(.debug_sfnames)

.debug_aranges  0x00000000       0xc0
 *(.debug_aranges)
 .debug_aranges
                0x00000000       0x20 SE_EVM_SD.o
 .debug_aranges
                0x00000020       0x20 SPI_routines.o
 .debug_aranges
                0x00000040       0x20 c:/program files (x86)/atmel/atmel studio 6.0/extensions/atmel/avrgcc/3.4.1.95/avrtoolchain/bin/../lib/gcc/avr/4.6.2/avr6\libgcc.a(_udivmodhi4.o)
 .debug_aranges
                0x00000060       0x20 c:/program files (x86)/atmel/atmel studio 6.0/extensions/atmel/avrgcc/3.4.1.95/avrtoolchain/bin/../lib/gcc/avr/4.6.2/avr6\libgcc.a(_exit.o)
 .debug_aranges
                0x00000080       0x20 c:/program files (x86)/atmel/atmel studio 6.0/extensions/atmel/avrgcc/3.4.1.95/avrtoolchain/bin/../lib/gcc/avr/4.6.2/avr6\libgcc.a(_copy_data.o)
 .debug_aranges
                0x000000a0       0x20 c:/program files (x86)/atmel/atmel studio 6.0/extensions/atmel/avrgcc/3.4.1.95/avrtoolchain/bin/../lib/gcc/avr/4.6.2/avr6\libgcc.a(_clear_bss.o)

.debug_pubnames
 *(.debug_pubnames)

.debug_info     0x00000000     0x33af
 *(.debug_info)
 .debug_info    0x00000000     0x2f6b SE_EVM_SD.o
 .debug_info    0x00002f6b       0xd0 SPI_routines.o
 .debug_info    0x0000303b       0xdd c:/program files (x86)/atmel/atmel studio 6.0/extensions/atmel/avrgcc/3.4.1.95/avrtoolchain/bin/../lib/gcc/avr/4.6.2/avr6\libgcc.a(_udivmodhi4.o)
 .debug_info    0x00003118       0xdd c:/program files (x86)/atmel/atmel studio 6.0/extensions/atmel/avrgcc/3.4.1.95/avrtoolchain/bin/../lib/gcc/avr/4.6.2/avr6\libgcc.a(_exit.o)
 .debug_info    0x000031f5       0xdd c:/program files (x86)/atmel/atmel studio 6.0/extensions/atmel/avrgcc/3.4.1.95/avrtoolchain/bin/../lib/gcc/avr/4.6.2/avr6\libgcc.a(_copy_data.o)
 .debug_info    0x000032d2       0xdd c:/program files (x86)/atmel/atmel studio 6.0/extensions/atmel/avrgcc/3.4.1.95/avrtoolchain/bin/../lib/gcc/avr/4.6.2/avr6\libgcc.a(_clear_bss.o)
 *(.gnu.linkonce.wi.*)

.debug_abbrev   0x00000000      0x3f7
 *(.debug_abbrev)
 .debug_abbrev  0x00000000      0x30d SE_EVM_SD.o
 .debug_abbrev  0x0000030d       0x9a SPI_routines.o
 .debug_abbrev  0x000003a7       0x14 c:/program files (x86)/atmel/atmel studio 6.0/extensions/atmel/avrgcc/3.4.1.95/avrtoolchain/bin/../lib/gcc/avr/4.6.2/avr6\libgcc.a(_udivmodhi4.o)
 .debug_abbrev  0x000003bb       0x14 c:/program files (x86)/atmel/atmel studio 6.0/extensions/atmel/avrgcc/3.4.1.95/avrtoolchain/bin/../lib/gcc/avr/4.6.2/avr6\libgcc.a(_exit.o)
 .debug_abbrev  0x000003cf       0x14 c:/program files (x86)/atmel/atmel studio 6.0/extensions/atmel/avrgcc/3.4.1.95/avrtoolchain/bin/../lib/gcc/avr/4.6.2/avr6\libgcc.a(_copy_data.o)
 .debug_abbrev  0x000003e3       0x14 c:/program files (x86)/atmel/atmel studio 6.0/extensions/atmel/avrgcc/3.4.1.95/avrtoolchain/bin/../lib/gcc/avr/4.6.2/avr6\libgcc.a(_clear_bss.o)

.debug_line     0x00000000     0x2191
 *(.debug_line)
 .debug_line    0x00000000     0x1e5d SE_EVM_SD.o
 .debug_line    0x00001e5d       0xee SPI_routines.o
 .debug_line    0x00001f4b       0x9a c:/program files (x86)/atmel/atmel studio 6.0/extensions/atmel/avrgcc/3.4.1.95/avrtoolchain/bin/../lib/gcc/avr/4.6.2/avr6\libgcc.a(_udivmodhi4.o)
 .debug_line    0x00001fe5       0x88 c:/program files (x86)/atmel/atmel studio 6.0/extensions/atmel/avrgcc/3.4.1.95/avrtoolchain/bin/../lib/gcc/avr/4.6.2/avr6\libgcc.a(_exit.o)
 .debug_line    0x0000206d       0x96 c:/program files (x86)/atmel/atmel studio 6.0/extensions/atmel/avrgcc/3.4.1.95/avrtoolchain/bin/../lib/gcc/avr/4.6.2/avr6\libgcc.a(_copy_data.o)
 .debug_line    0x00002103       0x8e c:/program files (x86)/atmel/atmel studio 6.0/extensions/atmel/avrgcc/3.4.1.95/avrtoolchain/bin/../lib/gcc/avr/4.6.2/avr6\libgcc.a(_clear_bss.o)

.debug_frame    0x00000000      0x5f8
 *(.debug_frame)
 .debug_frame   0x00000000      0x5b4 SE_EVM_SD.o
 .debug_frame   0x000005b4       0x44 SPI_routines.o

.debug_str      0x00000000      0x80e
 *(.debug_str)
 .debug_str     0x00000000      0x7d8 SE_EVM_SD.o
                                0x82d (size before relaxing)
 .debug_str     0x000007d8       0x36 SPI_routines.o
                                 0xeb (size before relaxing)

.debug_loc      0x00000000     0x1d8e
 *(.debug_loc)
 .debug_loc     0x00000000     0x1d8e SE_EVM_SD.o

.debug_macinfo
 *(.debug_macinfo)
OUTPUT(SE_EVM_SD.elf elf32-avr)
LOAD linker stubs

.debug_ranges   0x00000000       0x80
 .debug_ranges  0x00000000       0x80 SE_EVM_SD.o
